bandit10@bandit:~$ ls
data.txt
bandit10@bandit:~$ cat data.txt
VGhlIHBhc3N3b3JkIGlzIDZ6UGV6aUxkUjJSS05kTllGTmI2blZDS3pwaGxYSEJNCg==
bandit10@bandit:~$ base
Command 'base' not found, did you mean:
  command 'bake' from snap bake (0.1.3)
  command 'basez' from deb basez (1.6.2-1)
  command 'ase' from deb ase (3.22.1-1ubuntu1)
  command 'bash' from deb bash (5.1-6ubuntu1)
  command 'basex' from deb basex (9.0.1+ds-1.1)
  command 'gbase' from deb gbase (0.5-2.2build1)
See 'snap info <snapname>' for additional versions.
bandit10@bandit:~$ base data.txt
Command 'base' not found, did you mean:
  command 'bake' from snap bake (0.1.3)
  command 'bash' from deb bash (5.1-6ubuntu1)
  command 'basez' from deb basez (1.6.2-1)
  command 'gbase' from deb gbase (0.5-2.2build1)
  command 'basex' from deb basex (9.0.1+ds-1.1)
  command 'ase' from deb ase (3.22.1-1ubuntu1)
See 'snap info <snapname>' for additional versions.
bandit10@bandit:~$ base64 -d data.txt
The password is 6zPeziLdR2RKNdNYFNb6nVCKzphlXHBM
bandit10@bandit:~$
